[fold 0] logistic_regression: test f1=0.745
[fold 0] decision_tree: test f1=0.706
[fold 0] random_forest: test f1=0.778
[fold 0] linear_svm: test f1=0.741
[fold 0] knn: test f1=0.752
[fold 0] shallow_nn: test f1=0.778
[fold 0] xgboost: test f1=0.766
[fold 0] lightgbm: test f1=0.780
[fold 1] logistic_regression: test f1=0.796
[fold 1] decision_tree: test f1=0.748
[fold 1] random_forest: test f1=0.778
[fold 1] linear_svm: test f1=0.797
[fold 1] knn: test f1=0.775
[fold 1] shallow_nn: test f1=0.812
[fold 1] xgboost: test f1=0.799
[fold 1] lightgbm: test f1=0.803
[fold 2] logistic_regression: test f1=0.807
[fold 2] decision_tree: test f1=0.748
[fold 2] random_forest: test f1=0.809
[fold 2] linear_svm: test f1=0.803
[fold 2] knn: test f1=0.779
[fold 2] shallow_nn: test f1=0.838
[fold 2] xgboost: test f1=0.830
[fold 2] lightgbm: test f1=0.829
[fold 3] logistic_regression: test f1=0.786
[fold 3] decision_tree: test f1=0.742
[fold 3] random_forest: test f1=0.815
[fold 3] linear_svm: test f1=0.789
[fold 3] knn: test f1=0.805
[fold 3] shallow_nn: test f1=0.821
[fold 3] xgboost: test f1=0.825
[fold 3] lightgbm: test f1=0.828
[fold 4] logistic_regression: test f1=0.786
[fold 4] decision_tree: test f1=0.731
[fold 4] random_forest: test f1=0.793
[fold 4] linear_svm: test f1=0.783
[fold 4] knn: test f1=0.802
[fold 4] shallow_nn: test f1=0.852
[fold 4] xgboost: test f1=0.829
[fold 4] lightgbm: test f1=0.828
logistic_regression: avg test f1=0.784 (over 5 folds)
decision_tree: avg test f1=0.735 (over 5 folds)
random_forest: avg test f1=0.795 (over 5 folds)
linear_svm: avg test f1=0.783 (over 5 folds)
knn: avg test f1=0.783 (over 5 folds)
shallow_nn: avg test f1=0.820 (over 5 folds)
xgboost: avg test f1=0.810 (over 5 folds)
lightgbm: avg test f1=0.814 (over 5 folds)
Best model: shallow_nn (avg test f1=0.820)
Model comparison plot: outputs\plots\model_comparison.png
